// Jest Snapshot v1, https://goo.gl/fbAQLP

exports[`components / Button.immutable snapshot 1`] = `
ShallowWrapper {
  Symbol(enzyme.__root__): [Circular],
  Symbol(enzyme.__unrendered__): <Provider
    immutable={true}
  >
    <ForwardRef />
  </Provider>,
  Symbol(enzyme.__renderer__): Object {
    "batchedUpdates": [Function],
    "getNode": [Function],
    "render": [Function],
    "simulateError": [Function],
    "simulateEvent": [Function],
    "unmount": [Function],
  },
  Symbol(enzyme.__node__): Object {
    "instance": null,
    "key": undefined,
    "nodeType": "class",
    "props": Object {
      "children": <ForwardRef
        path="form"
      >
        <ForwardRef />
      </ForwardRef>,
      "store": Object {
        "dispatch": [Function],
        "getState": [Function],
        "replaceReducer": [Function],
        "subscribe": [Function],
        Symbol(observable): [Function],
      },
    },
    "ref": null,
    "rendered": Object {
      "instance": null,
      "key": undefined,
      "nodeType": "function",
      "props": Object {
        "children": <ForwardRef />,
        "path": "form",
      },
      "ref": null,
      "rendered": Object {
        "instance": null,
        "key": undefined,
        "nodeType": "function",
        "props": Object {},
        "ref": null,
        "rendered": null,
        "type": Object {
          "$$typeof": Symbol(react.forward_ref),
          "render": [Function],
        },
      },
      "type": Object {
        "$$typeof": Symbol(react.forward_ref),
        "render": [Function],
      },
    },
    "type": [Function],
  },
  Symbol(enzyme.__nodes__): Array [
    Object {
      "instance": null,
      "key": undefined,
      "nodeType": "class",
      "props": Object {
        "children": <ForwardRef
          path="form"
        >
          <ForwardRef />
        </ForwardRef>,
        "store": Object {
          "dispatch": [Function],
          "getState": [Function],
          "replaceReducer": [Function],
          "subscribe": [Function],
          Symbol(observable): [Function],
        },
      },
      "ref": null,
      "rendered": Object {
        "instance": null,
        "key": undefined,
        "nodeType": "function",
        "props": Object {
          "children": <ForwardRef />,
          "path": "form",
        },
        "ref": null,
        "rendered": Object {
          "instance": null,
          "key": undefined,
          "nodeType": "function",
          "props": Object {},
          "ref": null,
          "rendered": null,
          "type": Object {
            "$$typeof": Symbol(react.forward_ref),
            "render": [Function],
          },
        },
        "type": Object {
          "$$typeof": Symbol(react.forward_ref),
          "render": [Function],
        },
      },
      "type": [Function],
    },
  ],
  Symbol(enzyme.__options__): Object {
    "adapter": ReactSixteenAdapter {
      "options": Object {
        "enableComponentDidUpdateOnSetState": true,
        "lifecycles": Object {
          "componentDidUpdate": Object {
            "onSetState": true,
          },
          "getDerivedStateFromProps": true,
          "getSnapshotBeforeUpdate": true,
          "setState": Object {
            "skipsComponentDidUpdateOnNullish": true,
          },
        },
      },
    },
  },
}
`;
